Nov-04 20:49:18.767 [main] DEBUG nextflow.cli.Launcher - $> nextflow run main.nf -profile base --input_dir /data/MinIon_data/44th_Run/fastq_pass/ --sample_sheet /data/MinIon_data/44th_Run/NGS_sample_sheet.csv --outdir /data/MinIon_data/44th_Run/nf_analysis --db_root /data/databases/ --basecaller r1041_e82_400bps_sup_v5.0.0 --mode ont --max_cpus 64 -w /data/MinIon_data/44th_run/work
Nov-04 20:49:18.948 [main] DEBUG nextflow.cli.CmdRun - N E X T F L O W  ~  version 25.04.7
Nov-04 20:49:18.990 [main] DEBUG nextflow.plugin.PluginsFacade - Setting up plugin manager > mode=prod; embedded=false; plugins-dir=/home/adminhera2/.nextflow/plugins; core-plugins: nf-amazon@2.15.0-patch1,nf-azure@1.16.0-patch1,nf-cloudcache@0.4.3,nf-codecommit@0.2.3,nf-console@1.2.1,nf-google@1.21.1,nf-k8s@1.0.0,nf-tower@1.11.4-patch1,nf-wave@1.12.1
Nov-04 20:49:19.053 [main] INFO  o.pf4j.DefaultPluginStatusProvider - Enabled plugins: []
Nov-04 20:49:19.055 [main] INFO  o.pf4j.DefaultPluginStatusProvider - Disabled plugins: []
Nov-04 20:49:19.061 [main] INFO  org.pf4j.DefaultPluginManager - PF4J version 3.12.0 in 'deployment' mode
Nov-04 20:49:19.083 [main] INFO  org.pf4j.AbstractPluginManager - No plugins
Nov-04 20:49:19.124 [main] DEBUG nextflow.config.ConfigBuilder - Found config local: /home/adminhera2/Documents/workflows/elftech/nextflow.config
Nov-04 20:49:19.131 [main] DEBUG nextflow.config.ConfigBuilder - Parsing config file: /home/adminhera2/Documents/workflows/elftech/nextflow.config
Nov-04 20:49:19.196 [main] DEBUG n.secret.LocalSecretsProvider - Secrets store: /home/adminhera2/.nextflow/secrets/store.json
Nov-04 20:49:19.205 [main] DEBUG nextflow.secret.SecretsLoader - Discovered secrets providers: [nextflow.secret.LocalSecretsProvider@1d3e6d34] - activable => nextflow.secret.LocalSecretsProvider@1d3e6d34
Nov-04 20:49:19.235 [main] DEBUG nextflow.config.ConfigBuilder - Applying config profile: `base`
Nov-04 20:49:20.256 [main] DEBUG nextflow.config.ConfigBuilder - Available config profiles: [base]
Nov-04 20:49:20.350 [main] DEBUG nextflow.cli.CmdRun - Applied DSL=2 from script declaration
Nov-04 20:49:20.378 [main] DEBUG nextflow.cli.CmdRun - Launching `main.nf` [tiny_banach] DSL2 - revision: 63921fde45
Nov-04 20:49:20.381 [main] DEBUG nextflow.plugin.PluginsFacade - Plugins default=[]
Nov-04 20:49:20.382 [main] DEBUG nextflow.plugin.PluginsFacade - Plugins resolved requirement=[]
Nov-04 20:49:20.477 [main] DEBUG nextflow.Session - Session UUID: 35cc047c-72d3-49dc-a7ae-07e60834400f
Nov-04 20:49:20.478 [main] DEBUG nextflow.Session - Run name: tiny_banach
Nov-04 20:49:20.479 [main] DEBUG nextflow.Session - Executor pool size: 192
Nov-04 20:49:20.493 [main] DEBUG nextflow.file.FilePorter - File porter settings maxRetries=3; maxTransfers=50; pollTimeout=null
Nov-04 20:49:20.502 [main] DEBUG nextflow.util.ThreadPoolBuilder - Creating thread pool 'FileTransfer' minSize=10; maxSize=576; workQueue=LinkedBlockingQueue[-1]; allowCoreThreadTimeout=false
Nov-04 20:49:20.555 [main] DEBUG nextflow.cli.CmdRun - 
  Version: 25.04.7 build 5955
  Created: 08-09-2025 13:29 UTC 
  System: Linux 5.4.0-216-generic
  Runtime: Groovy 4.0.26 on OpenJDK 64-Bit Server VM 17.0.15+6-Ubuntu-0ubuntu120.04
  Encoding: UTF-8 (UTF-8)
  Process: 2875441@hera2 [127.0.1.1]
  CPUs: 192 - Mem: 251.8 GB (26.1 GB) - Swap: 8 GB (7.9 GB)
Nov-04 20:49:20.602 [main] DEBUG nextflow.Session - Work-dir: /data/MinIon_data/44th_run/work [ext2/ext3]
Nov-04 20:49:20.603 [main] DEBUG nextflow.Session - Script base path does not exist or is not a directory: /home/adminhera2/Documents/workflows/elftech/bin
Nov-04 20:49:20.620 [main] DEBUG nextflow.executor.ExecutorFactory - Extension executors providers=[]
Nov-04 20:49:20.637 [main] DEBUG nextflow.Session - Observer factory: DefaultObserverFactory
Nov-04 20:49:20.647 [main] DEBUG nextflow.Session - Observer factory (v2): LinObserverFactory
Nov-04 20:49:20.697 [main] DEBUG nextflow.cache.CacheFactory - Using Nextflow cache factory: nextflow.cache.DefaultCacheFactory
Nov-04 20:49:20.712 [main] DEBUG nextflow.util.CustomThreadPool - Creating default thread pool > poolSize: 193; maxThreads: 1000
Nov-04 20:49:20.792 [main] DEBUG nextflow.Session - Session start
Nov-04 20:49:21.193 [main] DEBUG nextflow.script.ScriptRunner - > Launching execution
Nov-04 20:49:23.143 [main] DEBUG nextflow.executor.ExecutorFactory - << taskConfig executor: local
Nov-04 20:49:23.144 [main] DEBUG nextflow.executor.ExecutorFactory - >> processorType: 'local'
Nov-04 20:49:23.153 [main] DEBUG nextflow.executor.Executor - [warm up] executor > local
Nov-04 20:49:23.164 [main] DEBUG n.processor.LocalPollingMonitor - Creating local task monitor for executor 'local' > cpus=192; memory=251.8 GB; capacity=192; pollInterval=100ms; dumpInterval=5m
Nov-04 20:49:23.167 [main] DEBUG n.processor.TaskPollingMonitor - >>> barrier register (monitor: local)
Nov-04 20:49:23.205 [main] DEBUG nextflow.processor.TaskProcessor - Creating process 'ONT_PIPELINE:MERGE_FASTQS': maxForks=0; fair=false; array=0
Nov-04 20:49:23.287 [main] DEBUG nextflow.executor.ExecutorFactory - << taskConfig executor: local
Nov-04 20:49:23.287 [main] DEBUG nextflow.executor.ExecutorFactory - >> processorType: 'local'
Nov-04 20:49:23.290 [main] DEBUG nextflow.processor.TaskProcessor - Creating process 'ONT_PIPELINE:FASTPLONG': maxForks=0; fair=false; array=0
Nov-04 20:49:23.328 [main] DEBUG nextflow.executor.ExecutorFactory - << taskConfig executor: local
Nov-04 20:49:23.328 [main] DEBUG nextflow.executor.ExecutorFactory - >> processorType: 'local'
Nov-04 20:49:23.330 [main] DEBUG nextflow.processor.TaskProcessor - Creating process 'ONT_PIPELINE:FLYE': maxForks=0; fair=false; array=0
Nov-04 20:49:23.357 [main] DEBUG nextflow.executor.ExecutorFactory - << taskConfig executor: local
Nov-04 20:49:23.358 [main] DEBUG nextflow.executor.ExecutorFactory - >> processorType: 'local'
Nov-04 20:49:23.360 [main] DEBUG nextflow.processor.TaskProcessor - Creating process 'ONT_PIPELINE:MEDAKA': maxForks=0; fair=false; array=0
Nov-04 20:49:23.384 [main] DEBUG nextflow.executor.ExecutorFactory - << taskConfig executor: local
Nov-04 20:49:23.384 [main] DEBUG nextflow.executor.ExecutorFactory - >> processorType: 'local'
Nov-04 20:49:23.386 [main] DEBUG nextflow.processor.TaskProcessor - Creating process 'ONT_PIPELINE:QUAST': maxForks=0; fair=false; array=0
Nov-04 20:49:23.409 [main] DEBUG nextflow.executor.ExecutorFactory - << taskConfig executor: local
Nov-04 20:49:23.409 [main] DEBUG nextflow.executor.ExecutorFactory - >> processorType: 'local'
Nov-04 20:49:23.411 [main] DEBUG nextflow.processor.TaskProcessor - Creating process 'ONT_PIPELINE:BAKTA': maxForks=0; fair=false; array=0
Nov-04 20:49:23.432 [main] DEBUG nextflow.executor.ExecutorFactory - << taskConfig executor: local
Nov-04 20:49:23.432 [main] DEBUG nextflow.executor.ExecutorFactory - >> processorType: 'local'
Nov-04 20:49:23.434 [main] DEBUG nextflow.processor.TaskProcessor - Creating process 'ONT_PIPELINE:RMLST': maxForks=0; fair=false; array=0
Nov-04 20:49:23.450 [main] DEBUG nextflow.executor.ExecutorFactory - << taskConfig executor: local
Nov-04 20:49:23.450 [main] DEBUG nextflow.executor.ExecutorFactory - >> processorType: 'local'
Nov-04 20:49:23.452 [main] DEBUG nextflow.processor.TaskProcessor - Creating process 'ONT_PIPELINE:MLST': maxForks=0; fair=false; array=0
Nov-04 20:49:23.469 [main] DEBUG nextflow.executor.ExecutorFactory - << taskConfig executor: local
Nov-04 20:49:23.469 [main] DEBUG nextflow.executor.ExecutorFactory - >> processorType: 'local'
Nov-04 20:49:23.471 [main] DEBUG nextflow.processor.TaskProcessor - Creating process 'ONT_PIPELINE:AMRFINDERPLUS': maxForks=0; fair=false; array=0
Nov-04 20:49:23.485 [main] DEBUG nextflow.executor.ExecutorFactory - << taskConfig executor: local
Nov-04 20:49:23.485 [main] DEBUG nextflow.executor.ExecutorFactory - >> processorType: 'local'
Nov-04 20:49:23.487 [main] DEBUG nextflow.processor.TaskProcessor - Creating process 'ONT_PIPELINE:PLASMIDFINDER': maxForks=0; fair=false; array=0
Nov-04 20:49:23.536 [main] DEBUG nextflow.executor.ExecutorFactory - << taskConfig executor: local
Nov-04 20:49:23.536 [main] DEBUG nextflow.executor.ExecutorFactory - >> processorType: 'local'
Nov-04 20:49:23.538 [main] DEBUG nextflow.processor.TaskProcessor - Creating process 'ONT_PIPELINE:RESULTS_PUBLISHER': maxForks=0; fair=false; array=0
Nov-04 20:49:23.558 [main] DEBUG nextflow.executor.ExecutorFactory - << taskConfig executor: local
Nov-04 20:49:23.558 [main] DEBUG nextflow.executor.ExecutorFactory - >> processorType: 'local'
Nov-04 20:49:23.560 [main] DEBUG nextflow.processor.TaskProcessor - Creating process 'REPORT': maxForks=0; fair=false; array=0
Nov-04 20:49:23.564 [main] DEBUG nextflow.Session - Workflow process names [dsl2]: ONT_PIPELINE:RESULTS_PUBLISHER, QUAST, MLST, ONT_PIPELINE:FLYE, ONT_PIPELINE:QUAST, RESULTS_PUBLISHER, MERGE_FASTQS, ONT_PIPELINE:MLST, REPORT, FLYE, ONT_PIPELINE:BAKTA, RMLST, ONT_PIPELINE:MERGE_FASTQS, ONT_PIPELINE:FASTPLONG, BAKTA, MEDAKA, FASTPLONG, ONT_PIPELINE:RMLST, ONT_PIPELINE:PLASMIDFINDER, ONT_PIPELINE:MEDAKA, AMRFINDERPLUS, ONT_PIPELINE:AMRFINDERPLUS, PLASMIDFINDER
Nov-04 20:49:23.569 [main] DEBUG nextflow.Session - Igniting dataflow network (17)
Nov-04 20:49:23.579 [main] DEBUG nextflow.processor.TaskProcessor - Starting process > ONT_PIPELINE:MERGE_FASTQS
Nov-04 20:49:23.580 [main] DEBUG nextflow.processor.TaskProcessor - Starting process > ONT_PIPELINE:FASTPLONG
Nov-04 20:49:23.580 [main] DEBUG nextflow.processor.TaskProcessor - Starting process > ONT_PIPELINE:FLYE
Nov-04 20:49:23.581 [main] DEBUG nextflow.processor.TaskProcessor - Starting process > ONT_PIPELINE:MEDAKA
Nov-04 20:49:23.582 [main] DEBUG nextflow.processor.TaskProcessor - Starting process > ONT_PIPELINE:QUAST
Nov-04 20:49:23.582 [main] DEBUG nextflow.processor.TaskProcessor - Starting process > ONT_PIPELINE:BAKTA
Nov-04 20:49:23.583 [main] DEBUG nextflow.processor.TaskProcessor - Starting process > ONT_PIPELINE:RMLST
Nov-04 20:49:23.584 [main] DEBUG nextflow.processor.TaskProcessor - Starting process > ONT_PIPELINE:MLST
Nov-04 20:49:23.584 [main] DEBUG nextflow.processor.TaskProcessor - Starting process > ONT_PIPELINE:AMRFINDERPLUS
Nov-04 20:49:23.585 [main] DEBUG nextflow.processor.TaskProcessor - Starting process > ONT_PIPELINE:PLASMIDFINDER
Nov-04 20:49:23.586 [main] DEBUG nextflow.processor.TaskProcessor - Starting process > ONT_PIPELINE:RESULTS_PUBLISHER
Nov-04 20:49:23.587 [main] DEBUG nextflow.processor.TaskProcessor - Starting process > REPORT
Nov-04 20:49:23.588 [main] DEBUG nextflow.script.ScriptRunner - Parsed script files:
  Script_bdd196ad42495bf7: /home/adminhera2/Documents/workflows/elftech/modules/hbd/mlst.nf
  Script_260f1ff285a54055: /home/adminhera2/Documents/workflows/elftech/modules/hbd/amrfinderplus.nf
  Script_b49c747152134747: /home/adminhera2/Documents/workflows/elftech/modules/ont/merge_fastqs.nf
  Script_1bc88806e9d00466: /home/adminhera2/Documents/workflows/elftech/modules/ont/flye.nf
  Script_24d90e03b85e58c1: /home/adminhera2/Documents/workflows/elftech/modules/ont/quast.nf
  Script_54f703a04934f101: /home/adminhera2/Documents/workflows/elftech/modules/hbd/rmlst.nf
  Script_4b3011fc00d08e32: /home/adminhera2/Documents/workflows/elftech/modules/hbd/report.nf
  Script_4a529ac30d5848ae: /home/adminhera2/Documents/workflows/elftech/workflows/ont_pipeline.nf
  Script_ebc0fd964a52f175: /home/adminhera2/Documents/workflows/elftech/modules/ont/medaka.nf
  Script_64b819d68d427775: /home/adminhera2/Documents/workflows/elftech/modules/ont/fastplong.nf
  Script_18a939b953de8b63: /home/adminhera2/Documents/workflows/elftech/modules/hbd/plasmidfinder.nf
  Script_b59ce3b0af4d39d6: /home/adminhera2/Documents/workflows/elftech/modules/hbd/results_publisher.nf
  Script_d00ba0d8a60f211c: /home/adminhera2/Documents/workflows/elftech/main.nf
  Script_1fe4f06b878172cd: /home/adminhera2/Documents/workflows/elftech/modules/hbd/bakta.nf
Nov-04 20:49:23.589 [main] DEBUG nextflow.script.ScriptRunner - > Awaiting termination 
Nov-04 20:49:23.589 [main] DEBUG nextflow.Session - Session await
Nov-04 20:49:23.748 [Actor Thread 81] DEBUG nextflow.conda.CondaCache - conda found local env for environment=/home/adminhera2/Documents/workflows/elftech/envs/r-report.yaml; path=/home/adminhera2/Documents/workflows/elftech/./.conda_cache/env-c775f07410cde41e-2c7c291291e71ec1965bb813e795096f
Nov-04 20:49:23.750 [Actor Thread 77] DEBUG nextflow.util.HashBuilder - Unable to get file attributes file: /data/MinIon_data/44th_Run/nf_analysis/Results -- Cause: java.nio.file.NoSuchFileException: /data/MinIon_data/44th_Run/nf_analysis/Results
Nov-04 20:49:23.848 [Task submitter] DEBUG n.executor.local.LocalTaskHandler - Launch cmd line: /bin/bash -ue .command.run
Nov-04 20:49:23.852 [Task submitter] INFO  nextflow.Session - [fd/65aed2] Submitted process > REPORT (Generating run report)
Nov-04 20:49:23.871 [Task submitter] DEBUG n.executor.local.LocalTaskHandler - Launch cmd line: /bin/bash -ue .command.run
Nov-04 20:49:23.872 [Task submitter] INFO  nextflow.Session - [15/f95778] Submitted process > ONT_PIPELINE:MERGE_FASTQS (NGS_sample_sheet)
Nov-04 20:49:24.619 [Task monitor] DEBUG n.processor.TaskPollingMonitor - Task completed > TaskHandler[id: 2; name: ONT_PIPELINE:MERGE_FASTQS (NGS_sample_sheet); status: COMPLETED; exit: 0; error: -; workDir: /data/MinIon_data/44th_run/work/15/f95778ea2fa13443a32877ddd2a10f]
Nov-04 20:49:24.621 [Task monitor] DEBUG nextflow.util.ThreadPoolBuilder - Creating thread pool 'TaskFinalizer' minSize=10; maxSize=576; workQueue=LinkedBlockingQueue[-1]; allowCoreThreadTimeout=false
Nov-04 20:49:24.673 [Actor Thread 85] INFO  nextflow.script.BaseScript - Processing (Merged): 658_837 with directory: reads_merged
Nov-04 20:49:24.683 [Actor Thread 85] INFO  nextflow.script.BaseScript - Processing (Merged): 660_839 with directory: reads_merged
Nov-04 20:49:24.685 [Actor Thread 85] INFO  nextflow.script.BaseScript - Processing (Merged): 678_851 with directory: reads_merged
Nov-04 20:49:24.689 [TaskFinalizer-1] DEBUG nextflow.util.ThreadPoolBuilder - Creating thread pool 'PublishDir' minSize=10; maxSize=576; workQueue=LinkedBlockingQueue[-1]; allowCoreThreadTimeout=false
Nov-04 20:49:24.707 [Actor Thread 101] DEBUG nextflow.conda.CondaCache - conda found local env for environment=/home/adminhera2/Documents/workflows/elftech/envs/fastplong.yaml; path=/home/adminhera2/Documents/workflows/elftech/./.conda_cache/env-9cf52123b5212901-de3f485459f1a914b2d1c9003f13a67c
Nov-04 20:49:24.722 [Task submitter] DEBUG n.executor.local.LocalTaskHandler - Launch cmd line: /bin/bash -ue .command.run
Nov-04 20:49:24.723 [Task submitter] INFO  nextflow.Session - [82/bccd54] Submitted process > ONT_PIPELINE:FASTPLONG (1)
Nov-04 20:49:29.091 [Task monitor] DEBUG n.processor.TaskPollingMonitor - Task completed > TaskHandler[id: 1; name: REPORT (Generating run report); status: COMPLETED; exit: 1; error: -; workDir: /data/MinIon_data/44th_run/work/fd/65aed24d2360639371b83d4eaf1386]
Nov-04 20:49:29.102 [TaskFinalizer-2] DEBUG nextflow.processor.TaskProcessor - Handling unexpected condition for
  task: name=REPORT (Generating run report); work-dir=/data/MinIon_data/44th_run/work/fd/65aed24d2360639371b83d4eaf1386
  error [nextflow.exception.ProcessFailedException]: Process `REPORT (Generating run report)` terminated with an error exit status (1)
Nov-04 20:49:29.136 [TaskFinalizer-2] ERROR nextflow.processor.TaskProcessor - Error executing process > 'REPORT (Generating run report)'

Caused by:
  Process `REPORT (Generating run report)` terminated with an error exit status (1)


Command executed:

  echo "[REPORT] Running report.sh inside: $(pwd)"
  echo "[REPORT] Using results directory: Results"
  echo "[REPORT] Using sample sheet: NGS_sample_sheet.csv"
  
  # Call your reporting script using the actual results_dir paths
  bash /home/adminhera2/Documents/workflows/elftech/scripts/report.sh         "Results"         "NGS_sample_sheet.csv"         "Results/QUAST"         "Results/MLST"         "Results/rMLST"         "Results/PlasmidFinder"         "Results/AMRFinderPlus"         "Results/Bakta"
  
  echo "[REPORT] Moving output Excel file back to root..."
  mv "Results/final_report_complete.xlsx" . ||         (echo "No file generated in Results!" && ls -R "Results" && exit 1)

Command exit status:
  1

Command output:
  [REPORT] Running report.sh inside: /data/MinIon_data/44th_run/work/fd/65aed24d2360639371b83d4eaf1386
  [REPORT] Using results directory: Results
  [REPORT] Using sample sheet: NGS_sample_sheet.csv
  BASE_DIR:      Results 
  SAMPLE_SHEET:  NGS_sample_sheet.csv 
  QUAST_DIR:     Results/QUAST 
  MLST_DIR:      Results/MLST 
  RMLST_DIR:     Results/rMLST 
  PLASMID_DIR:   Results/PlasmidFinder 
  AMR_DIR:       Results/AMRFinderPlus 
  # A tibble: 3 × 20
    Lab_ID Original_ID Index Platform Contig_Num Genome_Length N50   Depth
     <dbl>       <dbl> <dbl> <chr>    <lgl>      <chr>         <lgl> <chr>
  1    837         658    20 ONT      NA         <NA>          NA    <NA> 
  2    839         660    21 ONT      NA         <NA>          NA    <NA> 
  3    851         678    22 ONT      NA         <NA>          NA    <NA> 
  # ℹ 12 more variables: GC_percent <lgl>, Largest_Contig <lgl>,
  #   Expected_Organism <chr>, Organism <chr>, ST <chr>, Clonal_Complex <lgl>,
  #   Plasmid_PlasmidFinder <chr>,
  #   `ARGs (>90% cov, >90% ID, AMRFinderPlus)` <chr>, Point_Mutations <chr>,
  #   Predicted_Phenotype <chr>,
  #   `Virulence_Genes (>90% cov, >90% ID, AMRFinderPlus)` <chr>, Comments <lgl>
  Wrote XLSX: Results/final_report_complete.xlsx 
  [REPORT] Moving output Excel file back to root...
  No file generated in Results!
  Results

Command error:
  [REPORT] Running report.sh inside: /data/MinIon_data/44th_run/work/fd/65aed24d2360639371b83d4eaf1386
  [REPORT] Using results directory: Results
  [REPORT] Using sample sheet: NGS_sample_sheet.csv
  BASE_DIR:      Results 
  SAMPLE_SHEET:  NGS_sample_sheet.csv 
  QUAST_DIR:     Results/QUAST 
  MLST_DIR:      Results/MLST 
  RMLST_DIR:     Results/rMLST 
  PLASMID_DIR:   Results/PlasmidFinder 
  AMR_DIR:       Results/AMRFinderPlus 
  
  Attaching package: ‘dplyr’
  
  The following objects are masked from ‘package:stats’:
  
      filter, lag
  
  The following objects are masked from ‘package:base’:
  
      intersect, setdiff, setequal, union
  
  # A tibble: 3 × 20
    Lab_ID Original_ID Index Platform Contig_Num Genome_Length N50   Depth
     <dbl>       <dbl> <dbl> <chr>    <lgl>      <chr>         <lgl> <chr>
  1    837         658    20 ONT      NA         <NA>          NA    <NA> 
  2    839         660    21 ONT      NA         <NA>          NA    <NA> 
  3    851         678    22 ONT      NA         <NA>          NA    <NA> 
  # ℹ 12 more variables: GC_percent <lgl>, Largest_Contig <lgl>,
  #   Expected_Organism <chr>, Organism <chr>, ST <chr>, Clonal_Complex <lgl>,
  #   Plasmid_PlasmidFinder <chr>,
  #   `ARGs (>90% cov, >90% ID, AMRFinderPlus)` <chr>, Point_Mutations <chr>,
  #   Predicted_Phenotype <chr>,
  #   `Virulence_Genes (>90% cov, >90% ID, AMRFinderPlus)` <chr>, Comments <lgl>
  Warning message:
  In file.create(to[okay]) :
    cannot create file 'Results/final_report_complete.xlsx', reason 'No such file or directory'
  Wrote XLSX: Results/final_report_complete.xlsx 
  [REPORT] Moving output Excel file back to root...
  mv: cannot stat 'Results/final_report_complete.xlsx': No such file or directory
  No file generated in Results!
  Results

Work dir:
  /data/MinIon_data/44th_run/work/fd/65aed24d2360639371b83d4eaf1386

Tip: you can replicate the issue by changing to the process work dir and entering the command `bash .command.run`
Nov-04 20:49:29.142 [TaskFinalizer-2] DEBUG nextflow.Session - Session aborted -- Cause: Process `REPORT (Generating run report)` terminated with an error exit status (1)
Nov-04 20:49:29.179 [TaskFinalizer-2] DEBUG nextflow.Session - The following nodes are still active:
[process] ONT_PIPELINE:FLYE
  status=ACTIVE
  port 0: (queue) OPEN  ; channel: -
  port 1: (cntrl) -     ; channel: $

[process] ONT_PIPELINE:MEDAKA
  status=ACTIVE
  port 0: (queue) OPEN  ; channel: -
  port 1: (cntrl) -     ; channel: $

[process] ONT_PIPELINE:QUAST
  status=ACTIVE
  port 0: (queue) OPEN  ; channel: -
  port 1: (cntrl) -     ; channel: $

[process] ONT_PIPELINE:BAKTA
  status=ACTIVE
  port 0: (queue) OPEN  ; channel: -
  port 1: (cntrl) -     ; channel: $

[process] ONT_PIPELINE:RMLST
  status=ACTIVE
  port 0: (queue) OPEN  ; channel: -
  port 1: (cntrl) -     ; channel: $

[process] ONT_PIPELINE:MLST
  status=ACTIVE
  port 0: (queue) OPEN  ; channel: -
  port 1: (cntrl) -     ; channel: $

[process] ONT_PIPELINE:AMRFINDERPLUS
  status=ACTIVE
  port 0: (queue) OPEN  ; channel: -
  port 1: (cntrl) -     ; channel: $

[process] ONT_PIPELINE:PLASMIDFINDER
  status=ACTIVE
  port 0: (queue) OPEN  ; channel: -
  port 1: (cntrl) -     ; channel: $

[process] ONT_PIPELINE:RESULTS_PUBLISHER
  status=ACTIVE
  port 0: (queue) OPEN  ; channel: -
  port 1: (cntrl) -     ; channel: $

Nov-04 20:49:29.185 [main] DEBUG nextflow.Session - Session await > all processes finished
Nov-04 20:49:29.185 [main] DEBUG nextflow.Session - Session await > all barriers passed
Nov-04 20:49:29.185 [Task monitor] DEBUG n.processor.TaskPollingMonitor - <<< barrier arrives (monitor: local) - terminating tasks monitor poll loop
Nov-04 20:49:29.196 [main] WARN  n.processor.TaskPollingMonitor - Killing running tasks (1)
Nov-04 20:49:29.216 [main] DEBUG n.trace.WorkflowStatsObserver - Workflow completed > WorkflowStats[succeededCount=1; failedCount=1; ignoredCount=0; cachedCount=0; pendingCount=0; submittedCount=0; runningCount=0; retriesCount=0; abortedCount=1; succeedDuration=46.5s; failedDuration=5m 34s; cachedDuration=0ms;loadCpus=0; loadMemory=0; peakRunning=2; peakCpus=128; peakMemory=32 GB; ]
Nov-04 20:49:29.367 [main] DEBUG nextflow.cache.CacheDB - Closing CacheDB done
Nov-04 20:49:29.390 [main] DEBUG nextflow.script.ScriptRunner - > Execution complete -- Goodbye
